// Jest Snapshot v1, https://goo.gl/fbAQLP

exports[`testing ProductSnackBar render ProductSnackBar Renders Correctly 1`] = `null`;
